../Core/Src/stm32f1xx_hal_msp.c:63:6:HAL_MspInit	24	static
../Core/Src/stm32f1xx_hal_msp.c:89:6:HAL_ADC_MspInit	48	static
../Core/Src/stm32f1xx_hal_msp.c:141:6:HAL_ADC_MspDeInit	16	static
../Core/Src/stm32f1xx_hal_msp.c:186:6:HAL_I2C_MspInit	40	static
../Core/Src/stm32f1xx_hal_msp.c:220:6:HAL_I2C_MspDeInit	16	static
../Core/Src/stm32f1xx_hal_msp.c:247:13:HAL_FSMC_MspInit	32	static
../Core/Src/stm32f1xx_hal_msp.c:301:6:HAL_SRAM_MspInit	16	static
../Core/Src/stm32f1xx_hal_msp.c:313:13:HAL_FSMC_MspDeInit	8	static
../Core/Src/stm32f1xx_hal_msp.c:359:6:HAL_SRAM_MspDeInit	16	static
